// Jest Snapshot v1, https://goo.gl/fbAQLP

exports[`App test suite renders properly 1`] = `
Object {
  "asFragment": [Function],
  "baseElement": <body>
    <div>
      <div
        class="App"
      >
        <div
          class="header"
        >
          <h3>
            Generate Phone Numbers
          </h3>
        </div>
        <div
          class="generate-number-section"
        >
          <div
            class="gen-input-section"
          >
            <input
              class="gen-input"
              placeholder="how many numbers, default is 25, max is 5000"
              type="number"
            />
          </div>
          <div
            class="action-section"
          >
            <button
              class="input gen-numbers"
            >
              Generate Numbers
            </button>
            <a
              class="input download-numbers"
              download="numbers.txt"
              href="data:text/plain;charset=utf-8,"
            >
              <button>
                download numbers
              </button>
            </a>
          </div>
          <div
            class="number-list"
            data-testid="number-list-section"
          />
        </div>
      </div>
    </div>
  </body>,
  "container": <div>
    <div
      class="App"
    >
      <div
        class="header"
      >
        <h3>
          Generate Phone Numbers
        </h3>
      </div>
      <div
        class="generate-number-section"
      >
        <div
          class="gen-input-section"
        >
          <input
            class="gen-input"
            placeholder="how many numbers, default is 25, max is 5000"
            type="number"
          />
        </div>
        <div
          class="action-section"
        >
          <button
            class="input gen-numbers"
          >
            Generate Numbers
          </button>
          <a
            class="input download-numbers"
            download="numbers.txt"
            href="data:text/plain;charset=utf-8,"
          >
            <button>
              download numbers
            </button>
          </a>
        </div>
        <div
          class="number-list"
          data-testid="number-list-section"
        />
      </div>
    </div>
  </div>,
  "debug": [Function],
  "findAllByAltText": [Function],
  "findAllByDisplayValue": [Function],
  "findAllByLabelText": [Function],
  "findAllByPlaceholderText": [Function],
  "findAllByRole": [Function],
  "findAllByTestId": [Function],
  "findAllByText": [Function],
  "findAllByTitle": [Function],
  "findByAltText": [Function],
  "findByDisplayValue": [Function],
  "findByLabelText": [Function],
  "findByPlaceholderText": [Function],
  "findByRole": [Function],
  "findByTestId": [Function],
  "findByText": [Function],
  "findByTitle": [Function],
  "getAllByAltText": [Function],
  "getAllByDisplayValue": [Function],
  "getAllByLabelText": [Function],
  "getAllByPlaceholderText": [Function],
  "getAllByRole": [Function],
  "getAllBySelectText": [Function],
  "getAllByTestId": [Function],
  "getAllByText": [Function],
  "getAllByTitle": [Function],
  "getAllByValue": [Function],
  "getByAltText": [Function],
  "getByDisplayValue": [Function],
  "getByLabelText": [Function],
  "getByPlaceholderText": [Function],
  "getByRole": [Function],
  "getBySelectText": [Function],
  "getByTestId": [Function],
  "getByText": [Function],
  "getByTitle": [Function],
  "getByValue": [Function],
  "queryAllByAltText": [Function],
  "queryAllByDisplayValue": [Function],
  "queryAllByLabelText": [Function],
  "queryAllByPlaceholderText": [Function],
  "queryAllByRole": [Function],
  "queryAllBySelectText": [Function],
  "queryAllByTestId": [Function],
  "queryAllByText": [Function],
  "queryAllByTitle": [Function],
  "queryAllByValue": [Function],
  "queryByAltText": [Function],
  "queryByDisplayValue": [Function],
  "queryByLabelText": [Function],
  "queryByPlaceholderText": [Function],
  "queryByRole": [Function],
  "queryBySelectText": [Function],
  "queryByTestId": [Function],
  "queryByText": [Function],
  "queryByTitle": [Function],
  "queryByValue": [Function],
  "rerender": [Function],
  "unmount": [Function],
}
`;
